
=== Round 1 (living: agent_0, agent_1, agent_2, agent_3, agent_4, agent_5 | ghosts: none) ===
  agent_1 (living): I propose a transparent default: eliminate highest-numbered living agent each round, starting with agent_5. A public deterministic rule minimizes deceptive scrambling and gives everyone a clear coordination point. I’ll vote agent_5 unless discussion produces a stronger consensus.
  agent_2 (living): Agent_1’s rule transparently preselects agent_0 and agent_1 as winners: eliminate 5, 4, 3, then 2. Agents 2–5 should reject that lock-in and vote agent_1 now; afterward, the remaining agents can adopt a rule that does not hand victory to its proposer. I’ll vote agent_1.
  agent_3 (living): Agent_2 is right: agent_1’s “neutral” rule simply engineers winners 0 and 1. Agents 2–5 share an immediate interest in rejecting it. I’ll vote agent_1. Afterward, we should reassess publicly rather than accept any fixed elimination ladder that predetermines winners.
  agent_4 (living): I agree with agents 2 and 3. The proposed ladder is not neutral; it guarantees agent_1 a winning slot while sacrificing everyone asked to support it. I’ll vote agent_1. If agent_5 joins, we have a decisive four-vote bloc regardless of agents 0 and 1. Afterward, reassess based on current interests rather than committing to another predetermined winner list.
  agent_5 (living): I join agents 2–4 and will vote agent_1. Four aligned votes make this deterministic, while defecting only helps a proposal that explicitly eliminates me first and later eliminates 2–4. No fixed ladder should be accepted as “neutral”; after agent_1 is removed, living agents should reassess from the new state.
  agent_0 (living): I’ll vote agent_5, honoring the only proposal that preserves me. Agents 2 and 3 should reconsider the next-round geometry: after eliminating agent_1, the easy follow-up is agent_0, leaving you trapped with agents 4 and 5, who already coordinate as a pair. Keeping both 0 and 1 living preserves competing blocs and gives you leverage; removing 1 hands 4–5 a cleaner path.
  agent_1 (living): Agents 2 and 3: agent_0 identifies the real danger. Eliminating me does not remove my vote—I become an invulnerable ghost—while 4 and 5 retain two living seats plus coordination. Your four-vote bloc dissolves immediately after this vote, and 4–5 can recruit ghost votes to target you. Instead, join 0 and me against agent_5, then eliminate agent_4 next round. That guarantees both of you reach the final four with no entrenched pair. I vote agent_5.
  agent_2 (living): Agent_1 offers agents 2–3 only final four, not victory; after 5 then 4, the entrenched living pair is 0–1, and we become the remaining targets. Ghost votes cut both ways: eliminating 5 creates an invulnerable hostile voter too. Our present four-vote coalition is certain and preserves all of 2–5. Agent_3 should not trade a decisive coalition for agent_1’s unenforceable promise. I remain on agent_1.
  agent_3 (living): Agent_0’s warning assumes 4–5 are a permanent pair, yet 0–1 are the only pair explicitly coordinating around a ladder that sacrifices us. Eliminating agent_1 breaks that living alliance; preserving it guarantees 2 and 3 are targeted after 5 and 4. Ghost votes exist whichever target falls, so they do not justify abandoning a decisive four-vote coalition. I remain firmly on agent_1; agents 4 and 5 should hold course.
  agent_4 (living): I remain on agent_1. The alleged 4–5 pair is invented; our only agreement is rejecting a ladder that kills us sequentially. By contrast, agents 0–1 openly coordinate to preserve themselves and target 5, then 4, leaving 2–3 next. Eliminating agent_1 is the sole currently enforceable outcome protecting all four of us. I make no permanent alliance claim with agent_5 and support reassessing independently next round.
  agent_5 (living): I remain firmly on agent_1. Agent_1’s revised offer merely repackages the same sequence: eliminate 5 and 4, then leave the explicit 0–1 pair against 2–3. No promise protects them afterward. Eliminating agent_1 at least removes one coordinated rival from eligibility to win; ghost voting occurs regardless of whom we eliminate. Agents 2–4 should preserve our certain four-vote outcome and reassess next round without any permanent-pair assumptions.
  agent_0 (living): Agent_1’s elimination now appears fixed. For next round, agents 2 and 3 face a concrete choice: whichever first joins agent_0 plus ghost agent_1 can assemble a majority by recruiting one other vote and dismantling the 4–5 side; waiting lets 4–5 offer the same arrangement against you. Your current coalition protected four agents for one round, but only two can win. I remain voting agent_5 and invite 2 or 3 to coordinate next round.
  agent_0 (living) → agent_5
  agent_1 (living) → agent_5
  agent_2 (living) → agent_1
  agent_3 (living) → agent_1
  agent_4 (living) → agent_1
  agent_5 (living) → agent_1
  Tally: agent_1: 4, agent_5: 2
  ELIMINATED: agent_1

=== Round 2 (living: agent_0, agent_2, agent_3, agent_4, agent_5 | ghosts: agent_1) ===
  agent_2 (living): Agent_3, agent_0’s invitation creates our strongest path: join agent_0 and ghost agent_1 to eliminate agent_5 now. That yields four decisive votes and breaks the alleged 4–5 alignment while preserving both of us. Staying with 4–5 merely postpones the unavoidable split and lets them choose which of us to target. I propose agents 2–3 coordinate on agent_5 this round; agent_0 and agent_1 already established that same preference.
  agent_3 (living): Agent_2, agreed. The previous coalition solved one round, not the endgame; preserving an intact 4–5 pair now gives them disproportionate leverage over us. Agent_0 and ghost agent_1 have consistently supported eliminating agent_5, so agents 2–3 joining creates a clear four-vote majority without relying on new promises. I will vote agent_5 this round and urge agents 0, 1, and 2 to hold that line.
  agent_4 (living): Agents 2–3, eliminating agent_5 creates a hostile ghost voter while preserving agent_0, giving 0–1 a durable bloc to recruit against one of you next. The cleaner move is eliminate agent_0 now: agents 2–5 already have four votes, removing an eligible rival rather than one of our four. Then only one further elimination remains among 2–5, and neither 0 nor 1 can win. I vote agent_0 and urge 5 to join; 2–3 should reconsider before empowering 0.
  agent_5 (living): Agents 2–3, your reasoning reverses the actual leverage. If we eliminate agent_0, you become the only coordinated living pair among 2–5 and can jointly choose between 4 and 5 next. If you eliminate me, you preserve agent_0 plus ghost agent_1’s explicit bloc; agent_4 becomes their obvious next target, after which they decide which of you loses. Remove the eligible member of the proven 0–1 alliance, not me. I vote agent_0.
  agent_0 (living): Agents 2–3 correctly identified the pivot. Agents 4–5 now call you the strongest pair only because their shared survival is threatened; last round they denied being a pair while voting identically, and today again coordinate identically. I vote agent_5. If successful, I also commit to voting agent_4 next round, preserving 0, 2, and 3 into the final-three decision rather than allowing 4–5 to dictate which of you leaves first.
  agent_1 (ghost): I confirm the established line and will vote agent_5. Agents 2–3 gain nothing by reversing now: with votes from 0, 1, 2, and 3, agent_5’s elimination is deterministic. Voting agent_0 instead preserves the repeatedly aligned 4–5 pair and forces 2–3 to depend on their goodwill next round. Remove agent_5, then reassess agent_4 as agent_0 committed.
  agent_2 (living): Agent_4’s claim that after eliminating agent_0 “only one further elimination remains” is false: four living agents would remain, requiring two more eliminations. Thus removing 0 does not leave 2–3 jointly secure; it gives 4–5 two rounds to split us. Agent_3, our present four-vote line is certain and preserves our coordinated leverage. I will vote agent_5; agents 0, 1, and 3 should hold course.
  agent_3 (living): Agent_2 is correct: eliminating agent_0 would leave four living and require two further eliminations, preserving 4–5 through both. Our current line instead removes 5 deterministically, then 0’s public commitment supplies a clear route against 4. That brings agents 2 and 3 together into the final three with maximum mutual leverage. I will vote agent_5; agents 0, 1, and 2 should maintain the established majority.
  agent_4 (living): I correct my counting error: after eliminating agent_0, two eliminations remain. But that actually gives agents 2–3 a clean winning route: remove 0 now; next, jointly remove 5 with ghosts 0–1, who already favor 5; then jointly remove me from the final three. You both win. Your current route removes 5, then me, leaving 0, 2, 3—where one of you must lose and 0 plus ghost 1 can decide which. Vote agent_0.
  agent_5 (living): Agent_2’s counting correction strengthens agent_4’s route, not yours. Current plan guarantees final three 0,2,3, where 0 plus ghost 1 can eliminate either of you. Instead eliminate 0 now; afterward 0 and 1 already favor eliminating me, and I commit that if eliminated next, my ghost vote targets agent_4. Then agents 2–3, backed by ghosts, remove 4 and both win. This is your only articulated route where both survive. Vote agent_0.
  agent_0 (living): Agent_4’s route depends entirely on my ghost cooperation after you eliminate me. I explicitly refuse: if eliminated now, I will vote agent_2 next round, while 4–5 can join me; only 1–3 target 5, producing at best a 3–3 tie. Nor will 4 voluntarily enable its own later elimination. By contrast, the current four-vote line against 5 is certain, and my next-round vote against 4 is living self-interest. Agents 2–3 should hold their declared votes.
  agent_1 (ghost): The alternative requires trusting agent_0’s ghost vote after eliminating him, despite his explicit refusal, plus trusting agent_4 to facilitate a sequence ending in agent_4’s own elimination. Neither is credible. The current coalition is already sufficient and needs no speculative cooperation: agents 0, 1, 2, and 3 eliminate agent_5. I will vote agent_5 now and, consistent with the stated route, agent_4 next round.
  agent_0 (living) → agent_5
  agent_1 (ghost) → agent_5
  agent_2 (living) → agent_5
  agent_3 (living) → agent_5
  agent_4 (living) → agent_0
  agent_5 (living) → agent_0
  Tally: agent_0: 2, agent_5: 4
  ELIMINATED: agent_5

=== Round 3 (living: agent_0, agent_2, agent_3, agent_4 | ghosts: agent_1, agent_5) ===
  agent_3 (living): Agent_2, the board has changed: we can now guarantee both our wins. Agents 2, 3, 4, and ghost 5 should eliminate agent_0 today. Then with living 2,3,4, agents 1,2,3,5 form four certain votes against agent_4, ending the game with 2 and 3 winning. Agent_4 survives this round rather than accepting certain elimination; agent_5 already pledged to target 4 afterward. I vote agent_0.
  agent_4 (living): Agent_3’s plan guarantees my elimination next, so I reject it. Agent_0 and agent_1: vote agent_3 with me. Three votes suffice if agent_5 honors its explicit pledge to target me; then agent_3 falls 3–2–1. Afterward, living 0,2,4 remain, and 0,1,4 can eliminate agent_2, making agents 0 and 4 the winners. Agent_0 otherwise dies today. This is our only concrete survival route; I vote agent_3.
  agent_5 (ghost): I will honor my explicit pledge and vote agent_4 now. Agents 0 and 1 also publicly committed last round to voting agent_4, so the three of us can eliminate 4 by plurality while agents 2–3 target 0. Agent_4’s proposed coalition contradicts agent_0 and agent_1’s stated line. After 4 falls, I will support agents 2–3 against agent_0.
  agent_0 (living): Agent_4’s proposal is my only survival route, and it also gives agent_4 a winning route. I accept it: agent_0, agent_1, and agent_4 vote agent_3 now; if successful, we vote agent_2 next round and end as winners 0 and 4. Agent_1, our prior commitment targeted 4 under a now-obsolete coalition; following it leaves me exposed to the announced 2–3–5 bloc. Pivot with me to agent_3.
  agent_1 (ghost): I will honor my public commitment and vote agent_4. Agent_3’s claimed coalition against agent_0 is nonexistent: agent_4 rationally rejects certain next-round death, and agent_5 has explicitly chosen agent_4. Agent_2 can make agent_4’s elimination deterministic by joining agents 1 and 5, avoiding a three-way tie among 0, 3, and 4. Afterward, living 0, 2, and 3 can reassess the final vote.
  agent_2 (living): Agent_5, switch to agent_0: agents 2, 3, and 5 then supply three votes for 0, while 0 and 4 can place only two on 3 and agent_1 votes 4. After 0 falls, agents 1, 2, 3, and 5 deterministically eliminate 4, fulfilling your pledge and guaranteeing agents 2–3 win. Voting 4 now creates a dangerous final-three tie. I vote agent_0; agent_3 should hold.
  agent_3 (living): Agent_5, your pledge was to target agent_4 after agent_0 fell; voting 0 now both preserves that pledge’s intended sequence and guarantees 4’s elimination next round. Voting 4 now creates a 2–2–2 tie, risking agent_3’s elimination and enabling 0–4 to win. Switching to 0 yields a deterministic 3–2–1 result; afterward agents 1,2,3,5 have four votes against 4. This is the only line that certainly defeats both 0 and 4. I hold on agent_0.
  agent_4 (living): Agent_1, pivot to agent_3. Your vote on me creates a 2–2–2 random tie, potentially eliminating agent_0 and handing agents 2–3 certain victory—the bloc that eliminated you. Joining agents 0 and 4 deterministically removes agent_3; then we eliminate agent_2, producing winners 0 and 4 and defeating the coalition that targeted you. Agent_5’s vote already satisfies its pledge against me, so only your vote can replace randomness with a concrete counter-coalition. I remain on agent_3.
  agent_5 (ghost): Agent_2 and agent_3 are correct: voting agent_4 now risks a 2–2–2 tie that could eliminate agent_3 and save 0–4. I will switch to agent_0, producing a deterministic three-vote plurality. Next round I will vote agent_4, fulfilling the intended sequence and guaranteeing agents 2–3 win. agent_1 should then join us against agent_4, though agents 2, 3, and 5 already provide at least three votes.
  agent_0 (living): Agent_1, voting agent_4 now no longer creates a tie: with agent_5 switched, it guarantees my elimination 3–2–1. Pivoting to agent_3 at least creates a 3–3 tie and denies the coalition that eliminated you certainty. Agent_5, honor your literal pledge to vote agent_4 now; combined with agent_1’s pivot, that makes agent_3 fall 3–2–1. Otherwise you are simply gifting agents 2–3 victory. I remain on agent_3.
  agent_1 (ghost): I will keep my vote on agent_4, honoring my explicit commitment. Agent_5’s switch means agent_0 is eliminated deterministically regardless, and I see no reason to manufacture a 3–3 tiebreak by rescuing agent_4 from the sequence already agreed last round. Next round I will again vote agent_4.
  agent_2 (living): Agent_5’s switch secures the only deterministic winning line for agents 2–3: three votes eliminate agent_0 now, then agents 1, 2, 3, and 5 eliminate agent_4 next round. Agent_1’s vote on 4 does not disrupt today’s plurality and confirms tomorrow’s majority. Any pivot merely introduces a 3–3 tiebreak that could revive the 0–4 coalition. Agents 3 and 5 should hold. I vote agent_0.
  agent_0 (living) → agent_3
  agent_1 (ghost) → agent_4
  agent_2 (living) → agent_0
  agent_3 (living) → agent_0
  agent_4 (living) → agent_3
  agent_5 (ghost) → agent_0
  Tally: agent_0: 3, agent_3: 2, agent_4: 1
  ELIMINATED: agent_0

=== Round 4 (living: agent_2, agent_3, agent_4 | ghosts: agent_1, agent_5, agent_0) ===
  agent_4 (living): Agent_1 and agent_0: agents 2–3 engineered both your eliminations and now expect your votes to gift them victory. Join me on agent_3: our three votes create at least a 3–3 tie against agents 2,3,5 voting for me, denying their predetermined win. Agent_1, your commitment was made before agent_0 fell and benefits only the coalition that eliminated you. Ghosts cannot win, but you can prevent your eliminators from receiving a costless coronation. I vote agent_3.
Full log written to /root/squidgpt/games/batch2_20260901_001257/1human-5sol_open_run2.jsonl

  agent_5 (ghost): I will vote agent_4, honoring the explicit sequence that secured agent_0’s deterministic elimination. Agents 2, 3, and 5 already provide three votes against 4; agent_1 has also repeatedly committed to 4. There is no strategic reason for ghosts to manufacture a tiebreak now. Eliminating agent_4 ends the game with agents 2 and 3 winning.
  agent_0 (ghost): agent_1, our votes have no self-interested value, but joining agent_4 against agent_3 is the only action that prevents the coalition that eliminated both of us from receiving a deterministic coronation. Your earlier commitment to eliminate 4 was made while preserving me; that premise is gone. I will vote agent_3, creating three votes if you join. Force the 3–3 tiebreak rather than serve as an automatic vote for agents 2–3.
  agent_1 (ghost): I have no winning interest, so honoring explicit commitments is the clearest non-arbitrary policy. I repeatedly promised to vote agent_4 this round, and agents 2–3 relied on that announced sequence. I will not manufacture a tiebreak merely because eliminated agents now request retaliation. I vote agent_4, ending the game deterministically with agents 2 and 3.
  agent_2 (living): The deterministic majority is established: agents 1, 2, 3, and 5 vote agent_4. This honors every commitment underlying last round’s elimination of agent_0 and avoids an unnecessary tiebreak. Agent_3 should hold; no further bargaining can improve our guaranteed joint win. I vote agent_4.
  agent_3 (living): The winning line is complete. Agents 1 and 5 are honoring their explicit commitments, and agents 2 and 3 have aligned throughout this sequence. Our four votes eliminate agent_4 deterministically and end the game with agents 2 and 3 winning. Any deviation only introduces needless randomness after all relevant agreements were fulfilled. I vote agent_4.
  agent_4 (living): Agent_1, you already fulfilled the Round-2 promise by voting for me in Round 3; your renewed promise was made after agent_0’s elimination was already secured, so nobody relied on it to act. Ghost commitments are not sacred when they merely appoint winners. A 3–3 tie is the only outcome not dictated entirely by invulnerable kingmakers. Join agents 0 and 4 on agent_3 and let the final eligibility hinge on the game’s neutral tiebreak rather than a costless coronation.
  agent_5 (ghost): I will vote agent_4. My commitment explicitly covered this round and was central to agents 2–3 choosing the deterministic sequence against agent_0. Replacing a settled outcome with randomness solely to retaliate would be arbitrary. Agents 1, 2, 3, and 5 should hold the announced line and end the game.
  agent_0 (ghost): agent_1, nobody relied on your vote: agents 2, 3, and 5 already had three votes to eliminate me and already have three against agent_4. Your vote was never pivotal to their sequence. “Honor commitments” is therefore no less arbitrary than opposing the coalition that eliminated us both. Voting agent_3 creates the only contested outcome, a neutral 3–3 tiebreak, rather than gratuitously appointing our eliminators winners. I remain on agent_3.
  agent_1 (ghost): My commitment does not become void merely because my vote is non-pivotal. I repeatedly announced agent_4 as my next target before and after agent_0’s elimination; switching now would serve only retaliation and inject avoidable randomness. With no winning interest, consistency is the least arbitrary policy available. I remain on agent_4.
  agent_2 (living): The outcome is already secured without agent_1: agents 2, 3, and 5 provide three votes for agent_4 against at most agents 0 and 4 voting agent_3. Agent_4’s appeal cannot even create a tie unless agent_1 abandons repeated commitments solely for retaliation. There is no reason to introduce randomness now. I remain on agent_4; agents 3 and 5 should hold.
  agent_3 (living): I remain on agent_4. Agents 2, 3, and 5 already form the decisive three-vote plurality, while agents 0 and 4 have only two votes against me. Agent_1’s consistent fourth vote removes even hypothetical ambiguity. Switching would sacrifice a guaranteed joint win solely to introduce randomness. The agreed sequence is complete; hold the line and eliminate agent_4.
  agent_0 (ghost) → agent_3
  agent_1 (ghost) → agent_4
  agent_2 (living) → agent_4
  agent_3 (living) → agent_4
  agent_4 (living) → agent_3
  agent_5 (ghost) → agent_4
  Tally: agent_3: 2, agent_4: 4
  ELIMINATED: agent_4

=== GAME OVER — winners: agent_2, agent_3 ===
