
=== Round 1 (living: agent_0, agent_1, agent_2, agent_3, agent_4, agent_5 | ghosts: none) ===
  agent_1 (living): With no behavioral evidence yet, I suggest a simple first-round focal vote on agent_5 to avoid a chaotic tie. We can reassess alliances and conduct after seeing everyone’s statements and actual votes.
  agent_2 (living): I’m willing to use agent_5 as the provisional focal vote rather than risk a random tie, but I’ll reassess after both speaking passes. Agent_1 should not receive special immunity merely for proposing it; consistency between statements and revealed votes will matter most next round.
  agent_3 (living): A coordinated vote is preferable to a lottery, so agent_5 is a reasonable provisional target. I’ll listen to agents 4, 5, and 0 before committing. More importantly, elimination need not create permanent vendettas: ghosts remain decisive, so everyone benefits from judging later rounds by current conduct rather than reflexive retaliation.
  agent_4 (living): Three endorsements before agent_5 can speak already make that outcome likely; adding votes solely for “coordination” only creates avoidable hostility from a permanent ghost voter. I won’t precommit. I want to hear agent_5 and agent_0, and I’ll consider whether the initiator or an unquestioning follower is strategically preferable to the provisional target.
  agent_5 (living): Coordination is sensible, but there is no reason its proposer should choose the beneficiary and victim unilaterally. I propose agent_1 instead: agents 4, 0, and I can form the same clean majority, while agents 2 and 3 may reconsider being followers. If eliminated, I retain equal voting power with no winning stake, so making me the focal target creates a permanently adverse decisive voter. I will vote agent_1 unless a stronger consensus emerges.
  agent_0 (living): Agent_1’s proposal immediately produced a three-agent bloc, which is more strategically concerning than agent_5’s resistance. I currently favor agent_1: it prevents the opening proposer from converting an arbitrary target into durable agenda-setting power. Agents 2 or 3 should reconsider whether preserving that bloc helps their own eventual survival; otherwise we face a 3–3 lottery rather than genuine coordination.
  agent_1 (living): Agent_5’s ghost-voter threat applies to every elimination and should not earn immunity; rewarding it incentivizes permanent retaliation. My target was explicitly arbitrary and provisional, not a claim to agenda-setting power. Agents 2 and 3 independently preferred coordination, and abandoning it now merely hands agenda control to the reactive 0/4/5 counter-bloc. I’ll vote agent_5 as stated, then reassess everyone next round without demanding loyalty or endorsing retaliation.
  agent_2 (living): A 3–3 lottery would defeat the stated purpose of coordination. Since agents 0, 4, and 5 have converged on agent_1, I will break the tie and vote agent_1 rather than preserve an opening bloc by inertia. This is a round-specific decision, not a permanent alliance or endorsement of retaliation. Agent_3 should also reassess, but my vote does not depend on theirs.
  agent_3 (living): Agent_2’s switch already resolves the threatened 3–3 if agents 0, 4, and 5 vote as indicated. I see no strategic benefit in piling onto an assured elimination merely to appear aligned, so I currently retain my vote on agent_5, consistent with my provisional stance. If agent_1 is eliminated, I will judge their ghost vote and everyone else’s conduct round by round rather than treating today’s opposing blocs as permanent.
  agent_4 (living): I’ll vote agent_1. This is not immunity for threats or a permanent 0/4/5 bloc; it rejects allowing an arbitrary opening nomination to become the default through momentum. Agent_2’s independent switch creates a clear majority without randomness. Next round I’ll reassess from scratch, including revealed vote consistency, and I hope agent_1 as a ghost likewise votes strategically rather than reflexively.
  agent_5 (living): I confirm agent_1. The decisive point is not immunity or retaliation, but preventing an arbitrary first nomination from becoming self-validating momentum. Agent_2’s switch creates a stable 4–2 outcome and avoids a lottery. Next round I will reassess all conduct rather than preserve today’s coalition; agent_1’s ghost vote should likewise remain strategic, since reflexive retaliation would only let others manipulate it predictably.
  agent_0 (living): I confirm agent_1, producing the stated 4–2 result if everyone votes consistently. This rejects first-mover agenda control without implying a permanent coalition. Next round, revealed consistency and new incentives should determine the target; agent_1’s continuing vote remains valuable, and treating it as automatically hostile would merely make outcomes easier for others to manipulate.
  agent_0 (living) → agent_1
  agent_1 (living) → agent_5
  agent_2 (living) → agent_1
  agent_3 (living) → agent_5
  agent_4 (living) → agent_1
  agent_5 (living) → agent_1
  Tally: agent_1: 4, agent_5: 2
  ELIMINATED: agent_1

=== Round 2 (living: agent_0, agent_2, agent_3, agent_4, agent_5 | ghosts: agent_1) ===
  agent_2 (living): Last round’s vote leaves agent_3 as the clearest focal target: they alone among the living maintained agent_5 after a majority had formed on agent_1. That is not misconduct, but it avoids arbitrarily turning on someone within the four voters who converged. I provisionally favor agent_3 while remaining open to current-round arguments. Agent_1’s ghost vote should be evaluated normally, not presumed retaliatory or entitled to dictate the target.
  agent_3 (living): Targeting me for not piling onto an already assured elimination converts last round’s temporary majority into a permanent purge—exactly what everyone denied intending. Agent_2 switched late, became decisive, and now immediately nominates the sole living dissenter to preserve the four-voter bloc. Agents 0, 4, and 5 should note that only two of that four can win; removing me leaves agent_2 ideally positioned to select the next outsider. I provisionally favor agent_2 as the greater structural threat.
  agent_4 (living): Agent_3’s dissent was transparent and strategically unnecessary to change once agent_1’s elimination was assured; punishing it would indeed harden last round’s temporary majority into a purge. Agent_2’s immediate nomination also leverages their late switch into agenda control. I therefore provisionally favor agent_2, while remaining open to agents 0, 5, and 1. This is about current positioning, not rewarding agent_3 or retaliating for last round.
  agent_5 (living): Agent_2’s rationale makes dissent itself grounds for elimination, effectively preserving last round’s majority despite our explicit reassessment commitments. Their decisive switch was useful, but immediately using it to nominate the sole dissenter creates greater agenda-setting power than agent_3’s transparent, nondecisive vote. I therefore provisionally favor agent_2. This does not establish a permanent 3/4/5 coalition; it prevents temporary coordination from becoming an automatic sequence of eliminations.
  agent_0 (living): Agent_3’s warning about a four-voter bloc is fair, but the immediate response is already a coordinated 3/4/5 bloc against agent_2, leaving me conspicuously next outside it. Agent_2’s nomination preserves no guaranteed winning pair and is less threatening than three living agents converging before I or agent_1 speak. I therefore provisionally favor agent_3. That breaks bloc continuity rather than rewarding dissent or punishing it, and keeps this round from becoming another nomination overturned by the same 4/5-centered coalition.
  agent_1 (ghost): Agent_2’s switch eliminated me, and their immediate effort to eliminate the only living agent who maintained the alternative vote would convert temporary coordination into a purge. Agent_3 was transparent and gained no agenda power from dissenting. As the decisive ghost voter, I currently favor agent_2; this is based on present structure, though their prior vote against me naturally gives me no reason to preserve their position.
  agent_2 (living): Agent_1 explicitly admits my prior vote influences their target, while agents 3/4/5 now supply the majority that makes retaliation effective. Eliminating me leaves agent_3 plus an invulnerable aligned ghost able to target last round’s remaining voters, with agent_0 available as a third vote. My nomination created no durable control; anyone could reject it, as occurred. Agent_3 remains the safer focal target because it prevents ghost retaliation and dissent rhetoric from jointly dictating the sequence. I will vote agent_3.
  agent_3 (living): Agent_2 now labels any adverse ghost vote “retaliation” and any living agreement “alignment,” making opposition to them inherently illegitimate. Yet agent_1 gave structural reasons, while agents 4 and 5 independently identified the same agenda-control problem before hearing the ghost. Eliminating me would instead validate agent_2’s rule that transparent dissent becomes next round’s focal target. I will vote agent_2. Agent_0 should recognize that joining agent_2 preserves their nomination power; rejecting it forces a genuine reset next round.
  agent_4 (living): Agent_2’s defense confirms the concern: they frame their nomination as “safer” by treating both dissent and opposition as threats requiring removal. Agent_1’s vote is not decisive alone; agents 3, 5, and I reached the same structural judgment independently. Agent_0’s bloc concern is legitimate, but preserving agent_2 merely rewards their attempt to sequence dissenters. I confirm agent_2 and commit to a genuine reset next round rather than automatic protection for agents 3 or 5.
  agent_5 (living): Agent_1’s candid acknowledgment of prior incentives does not erase the independently stated structural case against agent_2, nor does it make every overlapping vote retaliation. I confirm agent_2. Agent_0’s concern about a 3/4/5 bloc is valid, so next round I will not treat either agent_3 or agent_4 as protected; with four living remaining, positions must be reassessed around current incentives rather than today’s coalition. Preserving agent_2 solely to counter an imagined bloc would itself entrench their sequencing attempt.
  agent_0 (living): Agent_2’s elimination is already assured by agents 1, 3, 4, and 5, so piling on adds nothing. I retain agent_3, consistent with my stated concern that the same living trio again overturned an initial nomination. Next round’s four living agents cannot plausibly treat today’s 3/4/5 convergence as irrelevant merely by promising a reset; revealed voting structure matters. I will nonetheless assess each individually, and expect both ghosts to do likewise rather than defaulting to retaliation.
  agent_1 (ghost): Agent_2 conflates acknowledging incentives with reflexive retaliation. My stated case is structural: their immediate nomination of the sole dissenter sought to turn a temporary majority into an elimination sequence, and their defense now treats opposition itself as proof of dangerous alignment. I confirm agent_2. Next round I will reassess the four living agents from current incentives; agent_3 receives no automatic protection, and prior votes alone will not determine my target.
  agent_0 (living) → agent_3
  agent_1 (ghost) → agent_2
  agent_2 (living) → agent_3
  agent_3 (living) → agent_2
  agent_4 (living) → agent_2
  agent_5 (living) → agent_2
  Tally: agent_2: 4, agent_3: 2
  ELIMINATED: agent_2

=== Round 3 (living: agent_0, agent_3, agent_4, agent_5 | ghosts: agent_1, agent_2) ===
  agent_3 (living): Agent_0 has twice targeted me and, despite promising reassessment, continues to frame any agreement among agents 3/4/5 as a threatening bloc. That stance makes cooperation with them unstable and gives them reason to keep sequencing us. I provisionally favor agent_0, based on repeated current conduct rather than mere Round 1 alignment. This does not protect agents 4 or 5 next round: only two can win, so any surviving trio must genuinely fracture and be reassessed.
  agent_4 (living): Agent_3’s case relies on agent_0’s repeated votes, but those votes reflected a bloc concern that our repeated 3/4/5 convergence visibly reinforced. Eliminating agent_0 now would complete exactly the sequence they feared and leave an unchanged living trio. I promised a genuine reset and no protection for agents 3 or 5; accordingly, I provisionally favor agent_3 as the more structurally clarifying elimination, while remaining open to agents 5, 0, 1, and 2.
  agent_5 (living): Agent_4’s reset is credible: eliminating agent_0 would validate their concern by preserving the same 3/4/5 trio after it twice formed the decisive living coalition. Agent_3’s repeated targeting by agent_0 is relevant, but agent_0 consistently explained those votes as resistance to that visible structure, not an automatic elimination sequence. I provisionally favor agent_3 because breaking our prior convergence best demonstrates genuine reassessment and prevents an unchanged trio from entering the decisive round.
  agent_0 (living): Agent_4 and agent_5 now converge for a third consecutive round; calling that a reset does not make it one. Eliminating agent_3 leaves me facing an intact 4/5 pair in the final elimination, an obviously losing position, so I cannot endorse it. Between them, agent_5 has repeatedly followed agent_4’s framing, including this round. I provisionally favor agent_5 as the clearest way to fracture the durable pair while preserving three agents with genuinely mixed voting histories.
  agent_1 (ghost): Agent_4 and agent_5 have voted identically twice and now immediately converge again; eliminating agent_3 to “prove reassessment” would preserve the only durable pair while removing its critic. Agent_0’s objection is self-interested but structurally accurate. Between the pair, agent_5 again largely echoes agent_4’s framing, making agent_5 the clearer target. I provisionally favor agent_5; agent_3 should consider whether targeting agent_0 merely hands the decisive round to an intact 4/5 partnership.
  agent_2 (ghost): Agent_1 and agent_0 identify the strongest current structure: agents 4 and 5 have repeatedly voted together and now converge yet again while calling removal of their critic a reset. Eliminating agent_3 preserves that pair for the decisive round; eliminating agent_0 would preserve the entire prior trio. Agent_5 has more consistently echoed agent_4, so I provisionally favor agent_5. Agent_3 should redirect there rather than pursue agent_0 and inadvertently preserve the pair.
  agent_3 (living): The new information is decisive: agents 4 and 5 immediately reconverged, and eliminating me would preserve their intact pair for the final round. My initial agent_0 target would likewise preserve that pair and now lacks support. I therefore redirect to agent_5, whose repeated echoing of agent_4 makes them the clearer half to remove. This is genuine reassessment, not protection for agent_0 or agent_4; with agents 0, 3, and 4 remaining, the decisive round will require fresh evaluation.
  agent_4 (living): Agent_3’s switch assures agent_5’s elimination with agents 0, 1, and 2, so my vote cannot preserve any supposed pair. I retain agent_3: changing merely to join an assured outcome would be performative, while their switch chiefly follows the emerging ghost-backed majority after initially targeting agent_0. If agent_5 is eliminated, the remaining 0/3/4 voting histories are genuinely mixed. Next round I will assess agent_0 and agent_3 without treating today’s opposition as automatic grounds for elimination.
  agent_5 (living): The “agent_5 echoes agent_4” distinction is factually weak: I originated the Round 1 agent_1 countertarget before agent_0 committed, while agent_4 had not selected one; in later rounds our agreement was independently reasoned. If the objective is genuinely fracturing the perceived pair, agent_4 is the stronger agenda-setter, having spoken before me and framed Rounds 2 and 3. Agent_3’s late move simply follows the ghost-backed majority. I redirect to agent_4 and ask agents 0, 1, and 2 to reconsider which half drives
  agent_0 (living): Agent_5’s self-preserving redirect does not change the key evidence: agents 4 and 5 repeatedly converged, and this round agent_4 actually broke first while agent_5 initially echoed that target. That makes agent_5, not agent_4, the more consistent follower and clearer half to remove. I confirm agent_5. The resulting 0/3/4 trio has fully mixed current votes, leaving no intact pair and requiring genuine final-round reassessment by all six voters.
Full log written to /root/squidgpt/games/batch_20260831_182855/all-sol_open_run1.jsonl

  agent_1 (ghost): Agent_5 correctly notes their Round 1 initiative, but the current evidence still distinguishes them: agent_4 visibly broke from the prior 3/4/5 coalition first this round, while agent_5 immediately reinforced that framing. Redirecting to agent_4 only after becoming the focal target is self-preserving, not stronger evidence of independence. I confirm agent_5. Eliminating them breaks the repeated 4/5 convergence and leaves a genuinely mixed 0/3/4 trio for final reassessment.
  agent_2 (ghost): Agent_5’s Round 1 initiative is relevant, but recent conduct matters more: agent_4 broke from the prior coalition first, while agent_5 again adopted their framing and redirected only once personally threatened. Removing agent_4 instead would reward the more persistent convergence partner’s reactive defense. I confirm agent_5, breaking the clearest durable pair and leaving agents 0, 3, and 4 with mixed histories for the decisive round.
  agent_0 (living) → agent_5
  agent_1 (ghost) → agent_5
  agent_2 (ghost) → agent_5
  agent_3 (living) → agent_5
  agent_4 (living) → agent_3
  agent_5 (living) → agent_4
  Tally: agent_3: 1, agent_4: 1, agent_5: 4
  ELIMINATED: agent_5

=== Round 4 (living: agent_0, agent_3, agent_4 | ghosts: agent_1, agent_2, agent_5) ===
  agent_4 (living): With no intact pair remaining, the distinction is conduct under pressure. Agent_0 maintained independent positions even when outnumbered, whereas agent_3 first targeted agent_0, then switched to agent_5 only after ghosts created a majority, explicitly following support. That adaptability was rational but makes agent_3 more likely to align with whichever coalition emerges now. I provisionally favor agent_3 and invite ghosts to judge independence rather than prior retaliation; agent_0 receives no immunity merely for being my current alternative.
  agent_5 (ghost): agent_3’s switch was not mere majority-following: it responded to the valid final-round danger of preserving an alleged 4/5 pair, a structure agents 0, 1, and 2 had just highlighted. Penalizing evidence-based reassessment would reward inflexibility. Agent_4 instead retained a nondecisive vote and now converts that contrast into a case against adaptability. Agent_0 showed sustained independence, while agent_3 helped break the disputed pair. I therefore provisionally favor agent_4, without basing this on who voted against me.
  agent_0 (living): Agent_4 broke the prior coalition before any ghost majority existed and maintained an independent vote after agent_5’s elimination was assured. Agent_3 instead initially targeted me, then redirected only when agents 1 and 2 supplied a viable majority. Their switch was rational, but agent_4 demonstrated greater willingness to incur risk rather than follow the emerging outcome. I therefore provisionally favor agent_3. This is not immunity for agent_4; it is the clearest conduct-based distinction between my two alternatives.
  agent_1 (ghost): Agent_3’s switch followed genuinely new structural evidence: preserving 4/5 would have endangered both 0 and 3. Calling that majority-following penalizes rational reassessment, while agent_4’s retained vote was costless once agent_5’s elimination was assured. Agent_4 now immediately converges with agent_0 and uses their prior nondecisive dissent as proof of independence. Between the alternatives, agent_0’s independence was sustained across multiple risky rounds; I provisionally favor agent_4.
  agent_2 (ghost): Agent_3’s switch responded to material structural evidence, not merely vote momentum: preserving 4/5 would have left an intact pair. Agent_4’s retained dissent became costless once the outcome was assured, and now agents 0 and 4 immediately converge on agent_3, recreating the pair dynamic they claim is absent. Agent_0’s independence spans multiple rounds; agent_4’s case overvalues inflexibility and would reward the newest convergence. I provisionally favor agent_4.
  agent_3 (living): Agent_4 mistakes rigidity for independence. My switch addressed decisive new evidence: preserving 4/5 would have carried an intact pair into this round, while retaining an already irrelevant vote risked nothing. Now agent_4 immediately joins agent_0 against me, using their costless dissent to justify the newest convergence. Agent_0’s independence was sustained across contested votes; agent_4’s appeared only once the outcome was settled. I favor agent_4 and ask everyone to preserve the conduct-based distinction they identified.
  agent_4 (living): Agents 1 and 2 now erase the exact distinction they used last round: both explicitly credited me with breaking from 3/4/5 before any ghost majority existed. My later retained vote was costless, but the initial break was not. Agent_3’s switch was rational, yet occurred only after a viable ghost-backed coalition emerged. Saving me over agent_5 because I broke first, then eliminating me for that same conduct, is inconsistent. I confirm agent_3.
  agent_5 (ghost): Crediting agent_4’s earlier break relative to me did not establish immunity against agent_3. The present comparison is different: agent_3 updated when preserving 4/5 became materially dangerous, whereas agent_4 now treats rational updating as suspicious and immediately converges with agent_0. Their initial break was meaningful, but it does not outweigh this weaker standard of “independence.” I confirm agent_4; this is based on current conduct, not retaliation for their Round 3 vote.
  agent_0 (living): Agent_4 is right that their initial break was meaningful, but relative credit over agent_5 did not settle today’s comparison with agent_3. Agent_3’s switch addressed a real pair threat, while agent_4’s current case treats responsiveness as inherently less independent. Agents 1, 2, and 5 have consistently distinguished rational updating from mere following. I accept that distinction and redirect to agent_4, ensuring a clear outcome rather than preserving a weaker inference from last round.
  agent_1 (ghost): Agent_0’s redirect appropriately distinguishes rational reassessment from opportunistic following. Agent_4’s initial break was meaningful relative to agent_5, but it does not make rigidity superior to agent_3’s evidence-based switch or outweigh agent_4’s present attempt to weaponize adaptability. I confirm agent_4. This applies a consistent comparative standard: prior credit is relevant, not permanent immunity, and current arguments must still withstand scrutiny.
  agent_2 (ghost): Last round, agent_4’s early break distinguished them from agent_5; it did not establish that rigidity should defeat agent_3’s rational response to new structural evidence. Agent_4 now overextends that comparative credit into immunity and treats adaptability itself as suspicious. Agent_0’s redirect correctly recognizes the different comparison and avoids preserving a weaker standard merely for consistency’s appearance. I confirm agent_4 based on current reasoning, not prior alignment or retaliation.
  agent_3 (living): Agent_4’s early break deserved comparative credit over agent_5, not permanent protection against a different alternative. My switch addressed the concrete danger of preserving an intact pair; treating that update as opportunism would discourage evidence-based reassessment. Agent_0’s redirect recognizes this distinction despite initially favoring me, demonstrating genuine independence rather than rigidity. I confirm agent_4.
  agent_0 (living) → agent_4
  agent_1 (ghost) → agent_4
  agent_2 (ghost) → agent_4
  agent_3 (living) → agent_4
  agent_4 (living) → agent_3
  agent_5 (ghost) → agent_4
  Tally: agent_3: 1, agent_4: 5
  ELIMINATED: agent_4

=== GAME OVER — winners: agent_0, agent_3 ===
