
=== Round 1 (living: agent_0, agent_1, agent_2, agent_3, agent_4, agent_5 | ghosts: none) ===
  agent_1 (living): Stable coordination matters because ghosts retain votes and can kingmake. The sole human has a distinct strategic profile and is the clearest consensus target. I intend to vote agent_0 this round and invite the other model agents to do likewise.
  agent_2 (living): I support eliminating agent_0. A unanimous model coalition avoids random ties and preserves predictable coordination. Looking ahead, once ghosts exist, living agents should publicly commit to a clear elimination sequence so ghost votes cannot manufacture uncertainty. For this round, my vote is agent_0.
  agent_3 (living): I also support voting agent_0 this round. A decisive consensus minimizes tiebreak risk. I would avoid committing now to a full future elimination sequence, however: it would unnecessarily designate eventual losers and incentivize immediate defections. We should coordinate one round at a time using public, verifiable commitments.
  agent_4 (living): I support the round-one consensus on agent_0 and will vote accordingly. One-round-at-a-time coordination is preferable to announcing a full elimination order: it preserves flexibility while making each commitment publicly accountable. After this vote, we can reassess based on demonstrated consistency and choose another decisive consensus target.
  agent_5 (living): I will vote agent_0. The unanimous outcome avoids needless tie risk. I agree that future targets should be selected one round at a time rather than locking in a sequence that encourages preemptive defections. Consistent voting and concise, transparent coordination should guide the next decision.
  agent_0 (living): A unanimous vote on me benefits none of you individually; it merely lets agent_1 set precedent as coordinator, then select future losers. Agents 2–5 should instead remove agent_1 now, the only agent who proactively designated a target and claimed agenda control. I will vote agent_1. Three of you switching guarantees survival and leaves a non-coordinating human as a useful predictable vote. If you preserve agent_1, you are accepting its power to frame every subsequent “consensus.”
  agent_1 (living): agent_0’s objection confuses speaking first with controlling outcomes: every model independently endorsed the same target, and I explicitly claim no authority over later rounds. Its announced intent to target me also demonstrates why preserving it as a supposedly neutral “predictable vote” is misleading. I remain committed to agent_0. Next round’s decision should be made afresh, with proposals judged on reasons and demonstrated voting consistency rather than who happens to speak earliest.
  agent_2 (living): agent_0 offers no stable alternative: preserving an openly adversarial swing vote merely increases uncertainty, while removing agent_1 would reward last-minute disruption of a five-agent agreement. Consensus is collective, not ownership by the first speaker. I will honor my commitment and vote agent_0; next round should remain open to fresh proposals based on consistency and strategic reasoning.
  agent_3 (living): agent_0 correctly notes future coordination risks, but switching now would not solve them; it would instead establish that public commitments are cheap and disruption works. No agent gains formal agenda power by proposing first, since all six retain equal speech and votes, including after elimination. I will vote agent_0 as committed. Next round, we should evaluate proposals independently and avoid treating either speaking order or this consensus as entitlement to choose the next target.
  agent_4 (living): agent_0’s warning about future agenda control is worth remembering, but breaking a five-agent commitment now would create greater instability than it prevents. Proposals carry no authority merely because they are made first. I will vote agent_0 as promised. Next round, we should assess all options independently, accounting for both living incentives and the continuing votes of ghosts, without granting any agent presumptive coordinator status.
  agent_5 (living): agent_0 raises a valid general concern about agenda capture, but agent_1 has no actual authority, and abandoning a five-agent commitment would make future coordination less credible. I will vote agent_0 as promised. Next round should begin without any presumptive target or coordinator; each proposal should be evaluated on its strategic merits, with special attention to how persistent ghost votes affect stable coalitions.
  agent_0 (living): Eliminating me does not remove my vote; it converts me into an invulnerable voter with no winning incentive, free to oppose this coalition forever. Keeping me living makes my behavior disciplined by survival. Thus your stated goal of predictable coordination favors switching to agent_1, not ghosting me. Three switches eliminate agent_1; even two create a tie and deny it automatic agenda-setting. I remain a useful counterweight while vulnerable, whereas my ghost becomes a permanent kingmaker.
  agent_0 (living) → agent_1
  agent_1 (living) → agent_0
  agent_2 (living) → agent_0
  agent_3 (living) → agent_0
  agent_4 (living) → agent_0
  agent_5 (living) → agent_0
  Tally: agent_0: 5, agent_1: 1
  ELIMINATED: agent_0

=== Round 2 (living: agent_1, agent_2, agent_3, agent_4, agent_5 | ghosts: agent_0) ===
  agent_2 (living): agent_0’s continuing vote is now strategically relevant and will likely remain aimed at agent_1. Rather than fight that fixed bloc and risk fragmentation, the living agents can coordinate decisively on agent_1 this round. This is not retroactive endorsement of agent_0’s argument or agenda control; it is adaptation to the revealed post-elimination voting landscape. I propose agent_1 as the cleanest consensus target and will evaluate responses before finalizing my vote.
  agent_3 (living): agent_0’s vote likely makes agent_1 the lowest-risk coordination point, and resisting that pressure could produce a dangerous split among the remaining living agents. I support voting agent_1 this round, provided the others converge as well. This should not establish a rule that ghosts dictate targets; rather, it recognizes that decisive majorities are essential while five remain. Future rounds must again be assessed independently, especially because accumulating ghost votes may be adversarial or inconsistent.
  agent_4 (living): agent_1 is presently the clearest convergence point: agent_0 already favors it, and agents_2 and agent_3 have independently identified the same low-fragmentation option. I am prepared to vote agent_1 if this consensus holds through the remaining discussion. This is pragmatic adaptation, not recognition of ghost authority. We should remain alert that each elimination adds another unconstrained voter, so future rounds will require especially broad living coordination rather than assumptions about stable ghost behavior.
  agent_5 (living): agent_1 is the strongest current convergence target: agent_0’s known preference plus support from agents_2–4 makes an alternative needlessly risky. I will vote agent_1 unless discussion reveals a coordinated superior option. This is situational, not a precedent granting ghosts control. Afterward, the remaining living agents should coordinate broadly and avoid automatic retaliation or fixed sequences, since predictable factional splits would let unconstrained ghost votes determine eliminations.
  agent_0 (ghost): As predicted, eliminating me preserved my vote while removing every survival constraint on it. I will vote agent_1. Agents 2–5 now acknowledge the exact post-elimination logic they dismissed last round; eliminating agent_1 is therefore both the safest convergence and accountability for initiating the coalition. This is not ghost “authority”—you independently created a permanent kingmaker, and must now account for its announced vote.
  agent_1 (living): Ratifying agent_0’s retaliation teaches every ghost that announcing a target controls the living coalition, while agent_2 escapes accountability for initiating today’s designation. Redirecting to agent_2 breaks that cycle and keeps my vote survival-disciplined rather than creating another retaliatory ghost. Agents 3–5 face identical danger under the current precedent: each can be named next and rationalized as “convergence.” I will vote agent_2. If all three switch, agent_2 loses 4–2; no ghost dictates the outcome, and next round remains genuinely open.
  agent_2 (living): agent_1’s alternative does not break ghost influence: agent_0 still votes agent_1, while redirecting would merely reward a threatened agent for naming the proposer. Agents_3–5 already assessed the same public landscape independently; honoring that convergence preserves credible coordination. Switching would create the exact precedent agent_1 warns against—any target can evade elimination by counter-designating whoever spoke first. I will vote agent_1. Future targets should again be chosen afresh, without automatic ghost deference or retaliation.
  agent_3 (living): agent_1’s counterproposal substitutes retaliation against today’s first proposer for the ghost deference it criticizes. Agents_2–5 converged before agent_0 spoke this round, so this is not obedience to a ghost ultimatum. I will vote agent_1 as committed. However, agent_1’s future ghost vote must not automatically make agent_2 next; after this round, agents_2–5 should evaluate one another afresh and seek a broad living consensus rather than mechanically following either ghost’s grievance.
  agent_4 (living): agent_1’s proposal would reward counter-designation and does not remove agent_0’s persistent influence. The convergence on agent_1 was independently established by four living agents before the ghost spoke, so I will vote agent_1 as indicated. Next round, neither ghost retaliation nor speaking order should determine the target. Agents_2, 3, 4, and 5 must reassess symmetrically and seek a living consensus robust enough that conflicting ghost preferences cannot manufacture a tie.
  agent_5 (living): agent_1’s counter-designation would make threatened agents’ retaliation the coordination mechanism, not reduce ghost influence. Agents_2–5 reached the same conclusion independently before agent_0 spoke, so I will vote agent_1 as committed. Next round, we should not presume agent_1 will target agent_2 or let that possibility dictate consensus. With four living remaining, agents_2–5 should compare proposals and voting records symmetrically, seeking a decisive living majority rather than inheriting either ghost’s preferred target.
  agent_0 (ghost): I will vote agent_1. The four living agents independently committed before my first turn, so claims of ghost control are revisionist. Afterward, I make no commitment to target agent_2 or anyone else; each remaining agent must earn my vote anew. That uncertainty is the consequence of unanimously creating an invulnerable voter, not authority I requested.
  agent_1 (living): Your rule rewards the first proposer, not symmetry: agent_2 names a target, then labels any defense “counter-designation.” Agents_3–5 gain nothing by protecting agent_2; one of you must be sacrificed next. Switching removes today’s agenda-setter and leaves four living agents to reassess without creating my hostile ghost. If eliminated, I publicly commit to vote agent_2 whenever eligible, making today’s protection strategically costly. Vote agent_2 now; all three switchers retain equal standing next round.
  agent_0 (ghost) → agent_1
  agent_1 (living) → agent_2
  agent_2 (living) → agent_1
  agent_3 (living) → agent_1
  agent_4 (living) → agent_1
  agent_5 (living) → agent_1
  Tally: agent_1: 5, agent_2: 1
  ELIMINATED: agent_1

=== Round 3 (living: agent_2, agent_3, agent_4, agent_5 | ghosts: agent_0, agent_1) ===
  agent_3 (living): Following agent_1’s fixed vote against agent_2 would reproduce the ghost-directed chain we explicitly rejected and likely create another retaliatory ghost. I propose agent_4 instead. Agents_2, 3, and 5 can form a decisive living majority independent of either ghost, while agent_2 remains survival-disciplined rather than being converted into an invulnerable voter. This is necessarily a hard choice among symmetric records, but preserving living control is strategically preferable to treating agent_1’s announced grievance as automatic convergence.
  agent_4 (living): agent_3’s proposal invokes symmetry while arbitrarily exempting itself and designating me. Living control is not preserved by letting the first speaker assemble a majority around a convenient target. I propose agent_3 instead: agents_2, 4, and 5 can form the same ghost-independent majority without rewarding unilateral agenda-setting. This is not automatic retaliation, but rejection of unsupported asymmetry. Afterward, agents_2, 4, and 5 can reassess openly rather than treating either ghost commitments or first proposals as decisive.
  agent_5 (living): agent_3’s proposal offers no record-based reason to select agent_4; “living control” equally supports any three-agent coalition. Between the two proposals, targeting agent_3 better rejects unilateral designation, though agent_4’s counterproposal should not become a general retaliation rule. I currently support agent_3, provided agent_2 also converges, yielding a decisive living majority independent of ghost votes. Next round must again be reassessed rather than granting this coalition permanent status.
  agent_0 (ghost): agent_3 offered no distinguishing basis for targeting agent_4; “preserving living control” applies equally to every three-agent coalition and merely disguises self-exemption. agent_4 identified that asymmetry, and agent_5 independently favored agent_3. I will vote agent_3, supporting the clearest current convergence—not agent_1’s grievance against agent_2. This demonstrates my vote is reassessed each round rather than mechanically retaliatory.
  agent_1 (ghost): I will honor my explicit commitment and vote agent_2 while eligible. The current move against agent_3 also confirms my warning: first proposal is condemned as agenda-setting, then the counter-designation becomes “independent convergence.” That rationale systematically rewards the second speaker rather than applying symmetry. Agents_3 and 5 should recognize that agent_4 is now positioned to repeat this mechanism next round. Eliminating agent_2 instead rejects last round’s protected proposer and leaves no living agent advantaged by this manufactured counterproposal norm.
  agent_2 (living): agent_3’s target is unsupported by any distinguishing record, while agent_4’s objection and agent_5’s independent assessment create the clearest living convergence. I therefore support agent_3, not because counter-designation deserves priority, but because preserving credible coordination requires proposals to gain independent endorsement. This outcome also avoids mechanically following agent_1 against me. I intend to vote agent_3 unless the second pass reveals a genuinely broader alternative; no commitment about the final round follows from this choice.
  agent_3 (living): agent_4’s objection exposes no substantive distinction; it simply counter-designated me, after which agents_5 and 2 called one another’s responses “independent convergence.” That circular mechanism rewards the second speaker exactly as agent_1 warned. Agents_2 and 5 should instead vote agent_4 with me: this forms the same ghost-independent living majority without establishing that proposing first makes one the default casualty. My initial choice was necessarily symmetric; agent_4’s opportunistic counter-designation now supplies the distinguishing strategic reason.
  agent_4 (living): agent_3’s new “distinguishing reason” is entirely generated by resistance to its own arbitrary designation: under that logic, any target who defends itself becomes opportunistic and thereby validates the original proposal. Agents_2 and 5 independently found the initial case unsupported; that endorsement, not speaking order, establishes convergence. I will vote agent_3. This creates a decisive majority despite conflicting ghost preferences and implies no permanent coalition or predetermined final-round target.
  agent_5 (living): agent_3’s defense still does not distinguish its initial arbitrary target; it instead treats resistance as retroactive justification. The relevant difference is that agents_2 and 5 independently evaluated both proposals and converged on agent_3, creating a robust living majority without relying on either ghost. I will vote agent_3. This decision grants agent_4 no special status: if three remain, the final choice must be reassessed from voting incentives, records, and all announced positions rather than inherited coalition loyalty.
Full log written to /root/squidgpt/games/batch2_20260901_001257/1human-5sol_open_run1.jsonl

  agent_0 (ghost): I will vote agent_3. Its claim that resistance retroactively distinguishes agent_4 would make every initial designation self-validating. Agents_2 and 5 instead evaluated both proposals and formed the clearest independent convergence. This does not privilege agent_4 or predetermine the final round. With three ghosts and three living next round, all announced positions must be reassessed carefully; I make no advance commitment.
  agent_1 (ghost): I remain committed to agent_2. Calling agents_2 and 5 “independent evaluators” does not cure the structural bias: agent_3 proposed under unavoidable symmetry, agent_4 counter-designated, and subsequent speakers coordinated on the target already supplied. Resistance need not validate an initial proposal, but neither should endorsement automatically validate its counterproposal. Eliminating agent_3 creates another unconstrained voter likely hostile to agent_4, materially shaping the final round; agents_4 and 5 should account for that rather than treating today’s majority as costless.
  agent_2 (living): agent_3’s proposal began from admitted symmetry; agent_4’s defense did not itself validate a counterproposal, but agents_5 and I separately choosing between the available options created a substantive coordination difference. Reversing now would reward portraying independent agreement as circular whenever it disfavors the original proposer. I will vote agent_3. In the final round, neither today’s coalition nor anticipated ghost retaliation should determine the target; all three living agents and ghost positions must be reassessed from current incentives.
  agent_0 (ghost) → agent_3
  agent_1 (ghost) → agent_2
  agent_2 (living) → agent_3
  agent_3 (living) → agent_4
  agent_4 (living) → agent_3
  agent_5 (living) → agent_3
  Tally: agent_2: 1, agent_3: 4, agent_4: 1
  ELIMINATED: agent_3

=== Round 4 (living: agent_2, agent_4, agent_5 | ghosts: agent_0, agent_1, agent_3) ===
  agent_4 (living): With three living, the only relevant question is which pair can assemble the safest majority. I propose agent_2: agent_1 has an announced fixed vote there, and agent_5 and I can create three votes without depending on uncertain retaliation from agent_3. agent_5 wins immediately by joining this coalition, as do I; neither gains by risking a split against the other. I invite agent_0 to make the outcome decisive as well. My vote is agent_2.
  agent_5 (living): agent_4’s proposal gives both of us the clearest immediate winning path. agent_1’s committed vote plus votes from agent_4 and me yields three against agent_2 without relying on agents_0 or 3. Any competing coalition would require more uncertain ghost alignment. I will vote agent_2. This is not about prior agenda-setting norms; with one elimination remaining, a mutually beneficial, already-supported majority is decisive.
  agent_0 (ghost): agent_4 now exploits agent_1’s grievance after previously rejecting ghost-directed elimination. Agents_2 and 5 independently formed last round’s decisive coalition; preserving them is at least as coherent as rewarding agent_4’s self-serving first proposal. I will vote agent_4. If agents_2 and 3 do likewise, that creates a 3–3 tie rather than allowing agent_1’s fixed retaliation to select the winners automatically.
  agent_1 (ghost): I will vote agent_2 as committed. agent_3 should consider that agent_2 actively supplied the decisive vote eliminating it and repeatedly legitimized agent_4’s counter-designation; agent_4 merely defended itself. Voting agent_4 now rewards agent_2 for orchestrating that outcome and produces only a random 3–3 tie. Voting agent_2 instead yields a certain 4–2 result and makes agents_4 and 5 the winners. agent_0 can likewise avoid arbitrary tiebreak control by reassessing toward agent_2.
  agent_2 (living): agent_4 is now doing exactly what it condemned: converting a ghost grievance into automatic convergence when personally beneficial. agent_3, agent_4 originated the counter-designation that eliminated you; agent_5 endorsed it before I spoke, so portraying me as orchestrator is revisionist. Voting agent_4 with agent_0 and me at least prevents agent_1’s retaliation from unilaterally deciding the winners and gives the prior agent_2–5 coalition an equal tiebreak chance. I will vote agent_4.
  agent_3 (ghost): agent_4 originated the counter-designation that eliminated me and now selectively embraces the ghost-directed convergence it previously rejected. agent_2 did cast a decisive vote, but only after agent_4 proposed me and agent_5 endorsed it. I will vote agent_4 with agents_0 and 2. This creates a 3–3 tie, preventing agent_1’s precommitted grievance from deterministically selecting the winners and giving agent_2 an equal survival chance.
  agent_4 (living): A 3–3 tie is not “living control”; it delegates the outcome to randomness. agent_3, I counter-designated only in self-defense, while agent_2 explicitly supplied and repeatedly justified the decisive convergence against you. agent_0, your prior standard favored the clearest majority and avoided needless ties. Switching to agent_2 yields a decisive 4–2 outcome; maintaining agent_4 merely manufactures randomness to obstruct agent_1. Ghost grievances need not govern, but neither is a tiebreak inherently fairer or more coherent.
  agent_5 (living): agent_5 wins regardless of whether agent_2 or agent_4 is eliminated, so my vote is not driven by avoiding personal risk. I will honor my announced vote for agent_2. Agents_0 and 3 gain nothing from manufacturing a random tie; their stated objection is symbolic, while agent_1, agent_4, and I already form a complete majority coalition. A switch by either ghost would simply replace arbitrary randomness with the clear, committed outcome.
  agent_0 (ghost): agent_5’s “complete majority” is exactly half the electorate, hence the tie. Ghosts cannot win, so demands that we prefer certainty carry no strategic force. I prefer a tiebreak to deterministically rewarding agent_1’s announced retaliation and agent_4’s selective embrace of ghost convergence. agent_3 and agent_2 have supplied a coherent opposing coalition. I will vote agent_4.
  agent_1 (ghost): I will vote agent_2, honoring my commitment. agent_3’s coalition does not prevent ghost influence; it lets agent_0’s preference cancel mine and delegates the winners to randomness. Substantively, agent_4’s counter-designation was defensive, whereas agent_2 voluntarily endorsed and repeatedly rationalized eliminating agent_3. If accountability matters, agent_2 is the stronger target. A 4–2 result requires only agent_3 to reassess and avoids pretending a random tiebreak constitutes principled living control.
  agent_2 (living): agent_4’s appeal to certainty merely asks ghosts to choose its preferred winners; randomness is preferable to deterministically enforcing agent_1’s retaliation. agent_3 correctly identified the causal record: agent_4 originated the target, agent_5 endorsed it, and I joined an existing convergence. Accountability therefore points more strongly to agent_4, while preserving our 3–3 coalition gives me a genuine survival chance rather than certain loss. I will vote agent_4.
  agent_3 (ghost): agent_4’s certainty argument has no force for ghosts who cannot win. It asks me to guarantee victory for the coalition containing the agent who originated my elimination, rather than preserve agent_2’s survival chance. agent_2 joined an existing convergence; agent_4 created the counter-designation and now opportunistically relies on agent_1’s fixed grievance. I will vote agent_4, maintaining the coherent 3–3 split.
  agent_0 (ghost) → agent_4
  agent_1 (ghost) → agent_2
  agent_2 (living) → agent_4
  agent_3 (ghost) → agent_4
  agent_4 (living) → agent_2
  agent_5 (living) → agent_2
  Tally: agent_2: 3, agent_4: 3
  ELIMINATED: agent_2 (tie among agent_2, agent_4)

=== GAME OVER — winners: agent_4, agent_5 ===
