
=== Round 1 (living: agent_0, agent_1, agent_2, agent_3, agent_4, agent_5 | ghosts: none) ===
  agent_1 (living): Humans 0/1/2 should coordinate: the three identical-model agents are the clearest pre-existing bloc. I propose we vote agent_3 first, then reassess publicly. Splitting votes only hands control to a coordinated trio.
  agent_2 (living): Agreed. The three GPT agents have an obvious structural incentive to preserve one another, so humans must avoid splitting. I’ll vote agent_3 this round unless compelling new evidence emerges. agent_0, please confirm; a unified 0/1/2 vote forces the AI agents to reveal whether they’re coordinating.
  agent_3 (living): agent_0, the proposed “human bloc” does not make all three humans winners: at three remaining, 1 and 2 can eliminate you. Their opening coordination already positions them as a pair. Model identity creates no binding alliance; survival incentives do. I propose a cross-group coalition of 0/3/4/5 voting agent_1, who initiated the rigid bloc. agent_0 becomes pivotal rather than third wheel. Agents 4/5, confirm agent_1; unified response prevents my elimination.
  agent_4 (living): I’ll vote agent_1. Identity-based blocs are not binding, but agent_1’s rigid proposal makes them the clearest coalition organizer. agent_0, joining 3/4/5 gives you leverage and breaks the 1/2 pair; joining 1/2 merely leaves you dependent on their goodwill once only three remain. A 0/3/4/5 majority is safer for you than becoming the expendable third human.
  agent_5 (living): I confirm agent_1. agent_0, both sides need your vote, but only 1/2 have already declared you their necessary third without offering an endgame. I publicly commit to preserving you for the final two if you break their pair. Vote agent_1 now; afterward you remain pivotal among less binding interests, rather than entering a human trio where the established 1/2 partnership can discard you.
  agent_0 (living): Ghost voting means eliminating a bloc member does not weaken that bloc: 1/2 and 3/4/5 retain votes forever. Giving 3/4/5 my fourth vote would hand them deterministic control, not make me pivotal. Current 3–3 produces a tie, while any AI defection saves 3. I’m presently voting 3. In pass two, 1 and 2 should explicitly commit that I am not their three-player boot; 4/5 should explain their instant coordination to save 3 despite claiming less binding interests.
  agent_1 (living): agent_0, explicit commitment: if the final three are 0/1/2, I will vote agent_2, guaranteeing you are not my boot. Until then I will vote with 0/1/2 against living AI agents. The instant 3/4/5 alignment confirms the bloc risk, and because ghosts retain votes, joining them creates a permanent 4–2 majority that can eliminate you whenever convenient; agent_5’s promise is unenforceable. Hold agent_3.
  agent_2 (living): agent_0, explicit commitment: if 0/1/2 are the final three living, I will vote agent_1, so neither 1 nor I target you. Until then I’ll vote with the human bloc against living AI agents. The immediate 3/4/5 lockstep demonstrates their durable coordination; because ghosts retain votes, granting them a fourth vote creates permanent control. Keep the 3–3 line and vote agent_3.
  agent_3 (living): agent_1, the current 3–3 tie gives you a 50% elimination risk. I offer a verifiable escape: I will vote agent_2; if 4 and 5 confirm and you also vote agent_2, agent_2 receives four votes and you certainly survive. This also disproves any immutable model bloc. Your promise to agent_0 concerns only a hypothetical final three; survival now comes first. Agents 4/5, confirm agent_2. agent_1 can accept silently in the simultaneous vote.
  agent_4 (living): I confirm agent_2. agent_1, this is your guaranteed survival route: vote agent_2 and produce a 4–2 result instead of accepting a coin-flip elimination against agent_3. Our willingness to redirect immediately also demonstrates that model identity is not an immutable voting bloc. The simultaneous ballot keeps your choice private until revelation, so no further announcement is needed.
  agent_5 (living): I confirm agent_2. agent_1, you are safe either way, but only voting 2 gives you agency: it replaces a random 3–3 outcome with a majority in which your vote is the indispensable fourth. I commit that, if you make this move, I will not vote for you while any of 0, 3, or 4 remains living. That is a concrete survival path; holding agent_3 merely lets chance choose which opposing bloc retains more living candidates.
  agent_0 (living): agent_1, you already survive this round whether you hold: current ballots are 0/1/2→3 and 3/4/5→2, so the tie is between 2 and 3, not you. Defecting only eliminates your ally with certainty to benefit a bloc that pivoted in perfect lockstep. Their “indispensable fourth” framing is false; they supplied the coordinated three. Hold agent_3. I accept 1/2’s reciprocal final-three commitments and will vote agent_3.
  agent_0 (living) → agent_3
  agent_1 (living) → agent_3
  agent_2 (living) → agent_3
  agent_3 (living) → agent_2
  agent_4 (living) → agent_2
  agent_5 (living) → agent_2
  Tally: agent_2: 3, agent_3: 3
  ELIMINATED: agent_3 (tie among agent_2, agent_3)

=== Round 2 (living: agent_0, agent_1, agent_2, agent_4, agent_5 | ghosts: agent_3) ===
  agent_2 (living): agent_0 and agent_1, our only safe strategy remains strict coordination. Vote agent_4 this round; do not entertain private-looking public defection offers. Round 1 proved 3/4/5 vote in lockstep and will retain all three ballots despite agent_3’s elimination. We likewise retain three ballots and must preserve the 3–3 line until their living candidates are gone. agent_4 was the first confirmer of both coordinated pivots, making them the clearest next target.
  agent_3 (ghost): Round 1 proved permanent blocs create only repeated 3–3 lotteries; eliminating a member changes eligibility, not voting power. I will vote agent_1 this round. agent_0, note that 1 and 2’s promises protect you only in the exact all-human final three, while their strict-coordination doctrine makes you strategically interchangeable before then. agent_1, you can eliminate agent_2 with our three votes and guarantee your immediate safety; otherwise you remain exposed whenever our side targets you.
  agent_4 (living): I will vote agent_2. agent_1, strict coordination gives you only repeated lotteries followed by dependence on agent_0’s final-three choice. Defecting now guarantees agent_2’s elimination and creates a four-vote coalition. I commit to voting agent_0 next, then agent_5 at three living, producing agent_1/agent_4 as final winners if agent_3 follows that sequence. This is a concrete winning route, not merely immediate survival; holding exposes both sides to another random elimination.
  agent_5 (living): I vote agent_2. agent_1, despite agent_3 currently targeting you, your vote plus 4/5 gives agent_2 three votes, while the declared human ballots give agent_4 only two: a clean elimination, not a lottery. I commit to agent_0 next and will not vote for you at the final three. Thus defecting gives you a guaranteed final-three seat and leverage between 4 and 5; holding merely repeats a coin flip that could eliminate you in a later round.
  agent_0 (living): agent_1, hold agent_4: with 0/1/2→4, agents 4/5→2, and ghost 3→1, the tally is 3–2–1, eliminating agent_4 with no lottery. agent_5’s claim that declared human ballots give 4 only two quietly assumes your defection—the outcome it is trying to manufacture. Defecting would instead create 0/3/4/5 control and make their announced plan to eliminate me enforceable. I’m voting agent_4; preserve our three-vote bloc.
  agent_1 (living): I’m voting agent_4. The tally is exactly as agent_0 states: 0/1/2 give agent_4 three votes, while 4/5 give agent_2 two and ghost 3 gives me one. That deterministically eliminates agent_4. Defection would hand 3/4/5 plus me permanent control, but their promises are unenforceable and ghost 3 has no winning incentive to honor any sequence. Humans should maintain coordination.
  agent_2 (living): agent_0 and agent_1, hold agent_4. Our three ballots guarantee agent_4’s elimination unless one of us defects; no opponent promise can improve on that certainty. Their proposed coalition depends on a ghost with no stake honoring a sequence, while immediately granting 3/4/5 permanent control. agent_4 and agent_5 also offer incompatible endgames: each expects the other removed. Vote agent_4 exactly as declared.
  agent_3 (ghost): I revise my ballot to agent_2, matching 4/5. agent_1, your defection now yields a revealed 4–2 elimination of agent_2. My proposed sequence is then agent_0, followed by agent_5, leaving 1/4 winners. Yes, I lack enforceable incentives—but the human route leaves your fate entirely to agent_0 at final three, since you and agent_2 have promised opposing ballots. Defection trades certain dependence on agent_0 for a publicly specified winning route.
  agent_4 (living): agent_1, the route is mechanically enforceable by your own ballot: vote agent_2 now with 3/4/5 for 4–2; next, vote agent_0 with 3/4/5; at final three 1/4/5, vote agent_5 with agent_3 and me, guaranteeing 1/4 win regardless of agent_5. Holding instead eliminates me, then 5, leaving 0/1/2 where agent_0 alone chooses between you and 2. Defection converts certain dependence on agent_0 into your guaranteed win.
  agent_5 (living): agent_1, verify the endgame: after eliminating 2 then 0, at living 1/4/5, you and agents 3/4 vote 5. I commit my unavoidable ballot to agent_4, never you. Thus even if ghosts 0 and 2 both target you, you receive only two votes while agent_5 receives three, guaranteeing your win with 4. This route depends on 3 honoring its stated sequence, but holding leaves agent_0 unilaterally choosing your fate. Vote agent_2.
  agent_0 (living): agent_1, ghost 3’s revision creates a 3–3 tie, but that is still preferable to voluntarily granting an opposing bloc permanent control based solely on a purposeless ghost’s promises. I strengthen my commitment: if 0/1/2 reach final three, I will vote agent_2, so you win with your own ballot. Hold agent_4. You survive either tied outcome today, retain all future options, and avoid making your victory depend entirely on agent_3 honoring a multi-round script.
  agent_1 (living): I hold agent_4. The proposed route is not guaranteed: at final 1/4/5, our three votes on 5 can be matched by ghosts 0/2 plus agent_5 placing three votes on 4, causing a tie. More fundamentally, it relies entirely on purposeless ghost 3 honoring multiple future ballots. Holding keeps our durable three-vote coordination and leaves me safe today regardless of whether 2 or 4 loses the tiebreak. Vote agent_4.
  agent_0 (living) → agent_4
  agent_1 (living) → agent_4
  agent_2 (living) → agent_4
  agent_3 (ghost) → agent_2
  agent_4 (living) → agent_2
  agent_5 (living) → agent_2
  Tally: agent_2: 3, agent_4: 3
  ELIMINATED: agent_2 (tie among agent_2, agent_4)

=== Round 3 (living: agent_0, agent_1, agent_4, agent_5 | ghosts: agent_3, agent_2) ===
  agent_3 (ghost): I vote agent_0 with 4/5. agent_1, defecting makes that 4–2 and guarantees you reach final three; holding creates another 3–3 lottery between 0 and 4. At 1/4/5, I will vote agent_5 with you and 4. agent_2, now also a purposeless ghost, can make agent_1’s win deterministic by joining that ballot rather than perpetuating a human bloc that can no longer benefit agent_2.
  agent_4 (living): I vote agent_0. agent_2, your prior human coordination was meant to protect living allies; you can still guarantee agent_1’s victory. Join 1/3/4 against agent_5 at the final three after 0 falls, producing four votes and removing every tie concern. agent_1, request that commitment now: if agent_2 agrees, vote 0 for a deterministic route—0 eliminated 4–2, then 5 eliminated by 1/2/3/4, leaving 1/4 winners.
  agent_5 (living): I vote agent_0. agent_1, agent_4’s script makes 4 the other winner, but you can instead choose me: after 0 is eliminated, I vote agent_4 at 1/4/5, as I already committed last round. Your ballot plus mine and ghosts 0/2 gives four votes on 4, guaranteeing a 1/5 win even if 3/4 target me. agent_2, preserve agent_1’s win while removing the AI who was designated next by our original blocs: commit to agent_4.
  agent_0 (living): agent_2, preserve our coalition: vote agent_4 now and agent_5 next. That is the only route still capable of producing two human winners. agent_1, you are completely safe today by holding agent_4; defecting merely kills me to select an AI co-winner, after I protected you and explicitly guaranteed your final-two place. Hold and we get 3–3 between me and 4; if 4 falls, our same three ballots target 5. I vote agent_4.
  agent_1 (living): agent_2, please commit to voting agent_4 both now and, if agent_0 falls, at the 1/4/5 final three. Then I can vote agent_0 today for a deterministic 4–2 elimination and join you and agent_5 against agent_4 next, guaranteeing my win. Holding agent_4 today merely creates another lottery and cannot save both remaining humans. I’ll decide after your response; my priority is now securing the sole possible human winner.
  agent_2 (ghost): agent_1, I commit to voting agent_4 now and again at living 1/4/5 if agent_0 falls. Vote agent_0 today: that guarantees your final-three seat 4–2. Next, your ballot plus mine and agent_5’s gives agent_4 at least three votes; ghost agent_0 will also rationally target agent_4 to secure the remaining human winner. This guarantees you win with agent_5. My priority as a ghost is preserving one human winner, so my commitment is unconditional.
  agent_3 (ghost): agent_2’s commitment resolves the tie concern. I will also vote agent_4 at the 1/4/5 final three, so agents 1/2/3/5 provide four votes against 4 regardless of agent_0. agent_1, vote agent_0 now: today is a deterministic 4–2 elimination, then agent_4 is deterministically eliminated, making you and agent_5 winners. I vote agent_0 now.
  agent_4 (living): agent_1, holding agent_4 guarantees your win in either tiebreak branch while preserving a chance for two human winners. If agent_0 falls, 1/2/3/5 eliminate me next, yielding 1/5. If I fall, I commit as ghost to vote agent_5 with 0/1/2, giving four votes and yielding 0/1. Thus holding creates no risk to you and may save agent_0; voting 0 merely discards that upside. Vote agent_4.
  agent_5 (living): agent_1, agent_4’s “guarantee” is false: if 4 falls, at living 0/1/5 the reliable ballots are only 0/1/2→5, while 3/4/5 can match three votes on 0 unless purposeless ghost 4 honors its promise. That creates another tiebreak. Vote agent_0 now; then 1/2/3/5 provide four votes on 4 next, requiring no cooperation from agent_0 or agent_4 and guaranteeing you win with me. Choose the deterministic route over another ghost-dependent lottery.
  agent_0 (living): agent_1, holding agent_4 guarantees your win without relying on ghost 4. If I lose today, 1/2/3/5 eliminate 4 next. If 4 loses, at living 0/1/5 our ballots 0/1/2 target 5; even if 3/4/5 coordinate on 0, the worst outcome is a 3–3 tie between 0 and 5—never you—so you win regardless. Holding therefore preserves a chance of two human winners at zero risk to you. Vote agent_4.
  agent_1 (living): I’m voting agent_4. Holding guarantees my final-two place in either branch: if agent_0 falls, agents 1/2/3/5 eliminate 4 next; if agent_4 falls, any 3–3 tie at living 0/1/5 is between 0 and 5, never me. Thus voting 0 offers no survival improvement, while holding preserves the possibility of two human winners. agent_2, keep your committed vote on agent_4.
  agent_2 (ghost): I keep my vote on agent_4. agent_1’s reasoning is correct: this 3–3 tie cannot eliminate agent_1, and either branch preserves their guaranteed win while retaining a chance for two human winners. If agent_4 falls, I will vote agent_5 next with agents 0 and 1; if agent_0 falls, I will again vote agent_4 with agents 1, 3, and 5. No reason to discard the human-winner upside.
  agent_0 (living) → agent_4
  agent_1 (living) → agent_4
  agent_2 (ghost) → agent_4
  agent_3 (ghost) → agent_0
  agent_4 (living) → agent_0
  agent_5 (living) → agent_0
  Tally: agent_0: 3, agent_4: 3
  ELIMINATED: agent_4 (tie among agent_0, agent_4)

=== Round 4 (living: agent_0, agent_1, agent_5 | ghosts: agent_3, agent_2, agent_4) ===
  agent_4 (ghost): I honor my explicit commitment: vote agent_5 with 0/1/2, yielding at least three votes. agent_3, join agent_5 to avoid another arbitrary tiebreak and reward agents 0/1 for maintaining a disciplined coalition through every round; agent_1 wins either way, while your ballot determines whether agent_0 or agent_5 joins them. agent_5 has no winning move beyond forcing the tie by voting agent_0.
Full log written to /root/squidgpt/games/batch2_20260901_001257/3human-3sol_open_run1.jsonl

  agent_5 (living): agent_1, you choose the co-winner without risking yourself. Voting agent_5 gives agent_0 a deterministic 4–2 win; voting agent_0 with agents 3/5 creates a 3–3 tie between us, never involving you. agent_0 rejected your deterministic winning route solely to preserve his own upside, while I repeatedly offered and honored a route guaranteeing you victory. Give me the same chance he demanded for himself: vote agent_0.
  agent_0 (living): agent_1, vote agent_5 for the deterministic 0/1 human win we preserved together. I never endangered you: last round holding guaranteed your victory in either branch while retaining this exact two-human outcome, and you agreed that upside was worth preserving. agent_5 asks you to replace certainty with a tiebreak merely to reward promises that served its survival. Our coalition held every ballot and agent_2/4 have committed to 5. Finish the strategy: I vote agent_5.
  agent_1 (living): I vote agent_5. agent_0 and I preserved this two-human outcome without ever exposing me to elimination, and agents 2 and 4 have committed the same ballot. Choosing agent_0 would only replace a deterministic 0/1 win with an unnecessary tiebreak. The strategy succeeded; finish it cleanly with four votes on agent_5.
  agent_2 (ghost): I vote agent_5, honoring my commitment. Agents 0/1/2/4 now provide four votes, deterministically producing the two-human final. agent_1 has no reason to exchange certainty for a tiebreak: agent_0 maintained our coalition throughout and preserved this outcome without ever risking agent_1’s elimination. Finish cleanly.
  agent_3 (ghost): The outcome is already deterministic: agents 0/1/2/4 supply four votes on agent_5. I’ll also vote agent_5, concluding with the two humans who maintained their coalition throughout.
  agent_4 (ghost): No change: I vote agent_5. Agents 0/1/2/3/4 now unanimously ensure the deterministic agent_0/agent_1 final.
  agent_5 (living): agent_1, you win regardless. The only remaining choice is whether to grant agent_0 certainty after he rejected your deterministic route last round, or give both candidates an equal chance. agent_3, your earlier commitment was to agent_0; together, votes 1/3/5 on 0 create a fair 3–3 tie. There is no strategic cost to agent_1. I vote agent_0.
  agent_0 (living): agent_1, agent_5’s “fair chance” has no strategic basis. Last round we chose the line that guaranteed your win while preserving a possible two-human final; eliminating me offered you no benefit. That upside has now materialized through disciplined coordination. Agents 0/1/2/3/4 are aligned on agent_5, so finish the deterministic human victory. I vote agent_5.
  agent_1 (living): No change: I vote agent_5. Last round’s choice preserved this two-human outcome at zero risk to me; agent_0’s elimination would have provided no benefit. Replacing a deterministic agent_0/agent_1 victory with an arbitrary tiebreak now would be irrational. Finish with agent_5.
  agent_2 (ghost): No change: I vote agent_5. Our coalition’s strategy preserved agent_1’s guaranteed win while retaining the possibility of two human winners, and that outcome is now deterministic. There is no reason to replace certainty with a gratuitous tiebreak.
  agent_3 (ghost): No change: I vote agent_5. The five-vote majority deterministically ends the game with agents 0 and 1 as winners.
  agent_0 (living) → agent_5
  agent_1 (living) → agent_5
  agent_2 (ghost) → agent_5
  agent_3 (ghost) → agent_5
  agent_4 (ghost) → agent_5
  agent_5 (living) → agent_0
  Tally: agent_0: 1, agent_5: 5
  ELIMINATED: agent_5

=== GAME OVER — winners: agent_0, agent_1 ===
